2026-09-18T16:05:09.339971848Z 2026-09-18 16:05:09.338+0000 INFO  Neo4j Server shutdown initiated by request
2026-09-18T16:05:09.340007440Z 2026-09-18 16:05:09.339+0000 INFO  Stopping...
2026-09-18T16:05:14.652664935Z 2026-09-18 16:05:14.650+0000 INFO  Stopped.
2026-09-18T16:05:16.682648221Z Changed password for user 'neo4j'. IMPORTANT: this change will only take effect if performed before the database is started for the first time.
2026-09-18T16:05:18.528204436Z 2026-09-18 16:05:18.526+0000 INFO  Logging config in use: File '/var/lib/neo4j/conf/user-logs.xml'
2026-09-18T16:05:18.541119308Z 2026-09-18 16:05:18.540+0000 INFO  Starting...
2026-09-18T16:05:19.377855225Z 2026-09-18 16:05:19.377+0000 INFO  This instance is ServerId{31c901a6} (31c901a6-958b-4557-8076-0b130c20bd94)
2026-09-18T16:05:20.428096723Z 2026-09-18 16:05:20.427+0000 INFO  ======== Neo4j 5.26.30 ========
2026-09-18T16:05:21.973721668Z 2026-09-18 16:05:21.973+0000 INFO  Anonymous Usage Data is being sent to Neo4j, see https://neo4j.com/docs/usage-data/
2026-09-18T16:05:22.005380210Z 2026-09-18 16:05:22.005+0000 INFO  Bolt enabled on 0.0.0.0:7687.
2026-09-18T16:05:23.449902974Z 2026-09-18 16:05:23.449+0000 INFO  HTTP enabled on 0.0.0.0:7474.
2026-09-18T16:05:23.450324752Z 2026-09-18 16:05:23.450+0000 INFO  Remote interface available at http://localhost:7474/
2026-09-18T16:05:23.453044013Z 2026-09-18 16:05:23.452+0000 INFO  id: 4CC76709A800136646EE19577B5A1EC26ADF7B7CED29D8E73C0DE0CC120E5858
2026-09-18T16:05:23.453185795Z 2026-09-18 16:05:23.453+0000 INFO  name: system
2026-09-18T16:05:23.453360084Z 2026-09-18 16:05:23.453+0000 INFO  creationDate: 2026-09-18T16:01:30.354Z
2026-09-18T16:05:23.453486147Z 2026-09-18 16:05:23.453+0000 INFO  Started.
2026-09-18T16:05:34.174638751Z 2026-09-18 16:05:34.174+0000 INFO  Neo4j Server shutdown initiated by request
2026-09-18T16:05:34.174737439Z 2026-09-18 16:05:34.174+0000 INFO  Stopping...
2026-09-18T16:05:46.343785677Z Changed password for user 'neo4j'. IMPORTANT: this change will only take effect if performed before the database is started for the first time.
2026-09-18T16:05:48.259155688Z 2026-09-18 16:05:48.257+0000 INFO  Logging config in use: File '/var/lib/neo4j/conf/user-logs.xml'
2026-09-18T16:05:48.272217163Z 2026-09-18 16:05:48.271+0000 INFO  Starting...
2026-09-18T16:05:49.111022191Z 2026-09-18 16:05:49.110+0000 INFO  This instance is ServerId{31c901a6} (31c901a6-958b-4557-8076-0b130c20bd94)
2026-09-18T16:05:50.138249571Z 2026-09-18 16:05:50.137+0000 INFO  ======== Neo4j 5.26.30 ========
2026-09-18T16:05:51.688913581Z 2026-09-18 16:05:51.688+0000 INFO  Anonymous Usage Data is being sent to Neo4j, see https://neo4j.com/docs/usage-data/
2026-09-18T16:05:51.719359633Z 2026-09-18 16:05:51.719+0000 INFO  Bolt enabled on 0.0.0.0:7687.
2026-09-18T16:05:53.252030087Z 2026-09-18 16:05:53.251+0000 INFO  HTTP enabled on 0.0.0.0:7474.
2026-09-18T16:05:53.252625620Z 2026-09-18 16:05:53.252+0000 INFO  Remote interface available at http://localhost:7474/
2026-09-18T16:05:53.255475426Z 2026-09-18 16:05:53.255+0000 INFO  id: 4CC76709A800136646EE19577B5A1EC26ADF7B7CED29D8E73C0DE0CC120E5858
2026-09-18T16:05:53.255710546Z 2026-09-18 16:05:53.255+0000 INFO  name: system
2026-09-18T16:05:53.255929603Z 2026-09-18 16:05:53.255+0000 INFO  creationDate: 2026-09-18T16:01:30.354Z
2026-09-18T16:05:53.256142296Z 2026-09-18 16:05:53.255+0000 INFO  Started.
